error: Multiple `source` attributes are not supported on a field
 --> tests/ui/duplication-source-field.rs:8:17
  |
8 |         #[snafu(source)]
  |                 ^^^^^^
