error: Multiple `backtrace` attributes are not supported within an enum variant
  --> tests/ui/duplication-backtrace-fields.rs:10:17
   |
10 |         #[snafu(backtrace)]
   |                 ^^^^^^^^^
