error: Multiple `visibility` attributes are not supported on an enum
 --> tests/ui/duplication-enum.rs:5:9
  |
5 | #[snafu(visibility(pub))]
  |         ^^^^^^^^^^^^^^^
